Archive member included to satisfy reference by file (symbol)

c:/st/stm32cubeide_1.8.0/stm32cubeide/plugins/com.st.stm32cube.ide.mcu.externaltools.gnu-tools-for-stm32.9-2020-q2-update.win32_2.0.0.202105311346/tools/bin/../lib/gcc/arm-none-eabi/9.3.1/../../../../arm-none-eabi/lib/thumb/v7e-m+fp/hard\libc_nano.a(lib_a-errno.o)
                              ./Core/Src/syscalls.o (__errno)
c:/st/stm32cubeide_1.8.0/stm32cubeide/plugins/com.st.stm32cube.ide.mcu.externaltools.gnu-tools-for-stm32.9-2020-q2-update.win32_2.0.0.202105311346/tools/bin/../lib/gcc/arm-none-eabi/9.3.1/../../../../arm-none-eabi/lib/thumb/v7e-m+fp/hard\libc_nano.a(lib_a-exit.o)
                              c:/st/stm32cubeide_1.8.0/stm32cubeide/plugins/com.st.stm32cube.ide.mcu.externaltools.gnu-tools-for-stm32.9-2020-q2-update.win32_2.0.0.202105311346/tools/bin/../lib/gcc/arm-none-eabi/9.3.1/../../../../arm-none-eabi/lib/thumb/v7e-m+fp/hard/crt0.o (exit)
c:/st/stm32cubeide_1.8.0/stm32cubeide/plugins/com.st.stm32cube.ide.mcu.externaltools.gnu-tools-for-stm32.9-2020-q2-update.win32_2.0.0.202105311346/tools/bin/../lib/gcc/arm-none-eabi/9.3.1/../../../../arm-none-eabi/lib/thumb/v7e-m+fp/hard\libc_nano.a(lib_a-impure.o)
                              c:/st/stm32cubeide_1.8.0/stm32cubeide/plugins/com.st.stm32cube.ide.mcu.externaltools.gnu-tools-for-stm32.9-2020-q2-update.win32_2.0.0.202105311346/tools/bin/../lib/gcc/arm-none-eabi/9.3.1/../../../../arm-none-eabi/lib/thumb/v7e-m+fp/hard\libc_nano.a(lib_a-exit.o) (_global_impure_ptr)
c:/st/stm32cubeide_1.8.0/stm32cubeide/plugins/com.st.stm32cube.ide.mcu.externaltools.gnu-tools-for-stm32.9-2020-q2-update.win32_2.0.0.202105311346/tools/bin/../lib/gcc/arm-none-eabi/9.3.1/../../../../arm-none-eabi/lib/thumb/v7e-m+fp/hard\libc_nano.a(lib_a-init.o)
                              c:/st/stm32cubeide_1.8.0/stm32cubeide/plugins/com.st.stm32cube.ide.mcu.externaltools.gnu-tools-for-stm32.9-2020-q2-update.win32_2.0.0.202105311346/tools/bin/../lib/gcc/arm-none-eabi/9.3.1/../../../../arm-none-eabi/lib/thumb/v7e-m+fp/hard/crt0.o (__libc_init_array)
c:/st/stm32cubeide_1.8.0/stm32cubeide/plugins/com.st.stm32cube.ide.mcu.externaltools.gnu-tools-for-stm32.9-2020-q2-update.win32_2.0.0.202105311346/tools/bin/../lib/gcc/arm-none-eabi/9.3.1/../../../../arm-none-eabi/lib/thumb/v7e-m+fp/hard\libc_nano.a(lib_a-memset.o)
                              c:/st/stm32cubeide_1.8.0/stm32cubeide/plugins/com.st.stm32cube.ide.mcu.externaltools.gnu-tools-for-stm32.9-2020-q2-update.win32_2.0.0.202105311346/tools/bin/../lib/gcc/arm-none-eabi/9.3.1/../../../../arm-none-eabi/lib/thumb/v7e-m+fp/hard/crt0.o (memset)
c:/st/stm32cubeide_1.8.0/stm32cubeide/plugins/com.st.stm32cube.ide.mcu.externaltools.gnu-tools-for-stm32.9-2020-q2-update.win32_2.0.0.202105311346/tools/bin/../lib/gcc/arm-none-eabi/9.3.1/thumb/v7e-m+fp/hard\libgcc.a(_aeabi_uldivmod.o)
                              ./Drivers/STM32F4xx_HAL_Driver/Src/stm32f4xx_hal_rcc.o (__aeabi_uldivmod)
c:/st/stm32cubeide_1.8.0/stm32cubeide/plugins/com.st.stm32cube.ide.mcu.externaltools.gnu-tools-for-stm32.9-2020-q2-update.win32_2.0.0.202105311346/tools/bin/../lib/gcc/arm-none-eabi/9.3.1/thumb/v7e-m+fp/hard\libgcc.a(_udivmoddi4.o)
                              c:/st/stm32cubeide_1.8.0/stm32cubeide/plugins/com.st.stm32cube.ide.mcu.externaltools.gnu-tools-for-stm32.9-2020-q2-update.win32_2.0.0.202105311346/tools/bin/../lib/gcc/arm-none-eabi/9.3.1/thumb/v7e-m+fp/hard\libgcc.a(_aeabi_uldivmod.o) (__udivmoddi4)
c:/st/stm32cubeide_1.8.0/stm32cubeide/plugins/com.st.stm32cube.ide.mcu.externaltools.gnu-tools-for-stm32.9-2020-q2-update.win32_2.0.0.202105311346/tools/bin/../lib/gcc/arm-none-eabi/9.3.1/thumb/v7e-m+fp/hard\libgcc.a(_dvmd_tls.o)
                              c:/st/stm32cubeide_1.8.0/stm32cubeide/plugins/com.st.stm32cube.ide.mcu.externaltools.gnu-tools-for-stm32.9-2020-q2-update.win32_2.0.0.202105311346/tools/bin/../lib/gcc/arm-none-eabi/9.3.1/thumb/v7e-m+fp/hard\libgcc.a(_aeabi_uldivmod.o) (__aeabi_ldiv0)

Allocating common symbols
Common symbol       size              file

huart3              0x44              ./Core/Src/main.o
hpcd_USB_OTG_FS     0x408             ./Core/Src/main.o
uwTick              0x4               ./Drivers/STM32F4xx_HAL_Driver/Src/stm32f4xx_hal.o
pFlash              0x20              ./Drivers/STM32F4xx_HAL_Driver/Src/stm32f4xx_hal_flash.o

Discarded input sections

 .text          0x0000000000000000        0x0 c:/st/stm32cubeide_1.8.0/stm32cubeide/plugins/com.st.stm32cube.ide.mcu.externaltools.gnu-tools-for-stm32.9-2020-q2-update.win32_2.0.0.202105311346/tools/bin/../lib/gcc/arm-none-eabi/9.3.1/thumb/v7e-m+fp/hard/crti.o
 .data          0x0000000000000000        0x0 c:/st/stm32cubeide_1.8.0/stm32cubeide/plugins/com.st.stm32cube.ide.mcu.externaltools.gnu-tools-for-stm32.9-2020-q2-update.win32_2.0.0.202105311346/tools/bin/../lib/gcc/arm-none-eabi/9.3.1/thumb/v7e-m+fp/hard/crti.o
[...]
Memory Configuration

Name             Origin             Length             Attributes
RAM              0x0000000020000000 0x0000000000020000 xrw
FLASH            0x0000000008000000 0x0000000000080000 xr
*default*        0x0000000000000000 0xffffffffffffffff

Linker script and memory map

LOAD c:/st/stm32cubeide_1.8.0/stm32cubeide/plugins/com.st.stm32cube.ide.mcu.externaltools.gnu-tools-for-stm32.9-2020-q2-update.win32_2.0.0.202105311346/tools/bin/../lib/gcc/arm-none-eabi/9.3.1/thumb/v7e-m+fp/hard/crti.o
LOAD c:/st/stm32cubeide_1.8.0/stm32cubeide/plugins/com.st.stm32cube.ide.mcu.externaltools.gnu-tools-for-stm32.9-2020-q2-update.win32_2.0.0.202105311346/tools/bin/../lib/gcc/arm-none-eabi/9.3.1/thumb/v7e-m+fp/hard/crtbegin.o
LOAD c:/st/stm32cubeide_1.8.0/stm32cubeide/plugins/com.st.stm32cube.ide.mcu.externaltools.gnu-tools-for-stm32.9-2020-q2-update.win32_2.0.0.202105311346/tools/bin/../lib/gcc/arm-none-eabi/9.3.1/../../../../arm-none-eabi/lib/thumb/v7e-m+fp/hard/crt0.o
LOAD ./Core/Src/main.o
LOAD ./Core/Src/stm32f4xx_hal_msp.o
LOAD ./Core/Src/stm32f4xx_it.o
LOAD ./Core/Src/syscalls.o
LOAD ./Core/Src/sysmem.o
LOAD ./Core/Src/system_stm32f4xx.o
LOAD ./Core/Startup/startup_stm32f446zetx.o
LOAD ./Drivers/STM32F4xx_HAL_Driver/Src/stm32f4xx_hal.o
LOAD ./Drivers/STM32F4xx_HAL_Driver/Src/stm32f4xx_hal_cortex.o
LOAD ./Drivers/STM32F4xx_HAL_Driver/Src/stm32f4xx_hal_dma.o
LOAD ./Drivers/STM32F4xx_HAL_Driver/Src/stm32f4xx_hal_dma_ex.o
LOAD ./Drivers/STM32F4xx_HAL_Driver/Src/stm32f4xx_hal_exti.o
LOAD ./Drivers/STM32F4xx_HAL_Driver/Src/stm32f4xx_hal_flash.o
LOAD ./Drivers/STM32F4xx_HAL_Driver/Src/stm32f4xx_hal_flash_ex.o
LOAD ./Drivers/STM32F4xx_HAL_Driver/Src/stm32f4xx_hal_flash_ramfunc.o
LOAD ./Drivers/STM32F4xx_HAL_Driver/Src/stm32f4xx_hal_gpio.o
LOAD ./Drivers/STM32F4xx_HAL_Driver/Src/stm32f4xx_hal_pcd.o
LOAD ./Drivers/STM32F4xx_HAL_Driver/Src/stm32f4xx_hal_pcd_ex.o
LOAD ./Drivers/STM32F4xx_HAL_Driver/Src/stm32f4xx_hal_pwr.o
LOAD ./Drivers/STM32F4xx_HAL_Driver/Src/stm32f4xx_hal_pwr_ex.o
LOAD ./Drivers/STM32F4xx_HAL_Driver/Src/stm32f4xx_hal_rcc.o
LOAD ./Drivers/STM32F4xx_HAL_Driver/Src/stm32f4xx_hal_rcc_ex.o
LOAD ./Drivers/STM32F4xx_HAL_Driver/Src/stm32f4xx_hal_tim.o
LOAD ./Drivers/STM32F4xx_HAL_Driver/Src/stm32f4xx_hal_tim_ex.o
LOAD ./Drivers/STM32F4xx_HAL_Driver/Src/stm32f4xx_hal_uart.o
LOAD ./Drivers/STM32F4xx_HAL_Driver/Src/stm32f4xx_ll_usb.o
START GROUP
LOAD c:/st/stm32cubeide_1.8.0/stm32cubeide/plugins/com.st.stm32cube.ide.mcu.externaltools.gnu-tools-for-stm32.9-2020-q2-update.win32_2.0.0.202105311346/tools/bin/../lib/gcc/arm-none-eabi/9.3.1/../../../../arm-none-eabi/lib/thumb/v7e-m+fp/hard\libc_nano.a
LOAD c:/st/stm32cubeide_1.8.0/stm32cubeide/plugins/com.st.stm32cube.ide.mcu.externaltools.gnu-tools-for-stm32.9-2020-q2-update.win32_2.0.0.202105311346/tools/bin/../lib/gcc/arm-none-eabi/9.3.1/../../../../arm-none-eabi/lib/thumb/v7e-m+fp/hard\libm.a
END GROUP
START GROUP
LOAD c:/st/stm32cubeide_1.8.0/stm32cubeide/plugins/com.st.stm32cube.ide.mcu.externaltools.gnu-tools-for-stm32.9-2020-q2-update.win32_2.0.0.202105311346/tools/bin/../lib/gcc/arm-none-eabi/9.3.1/thumb/v7e-m+fp/hard\libgcc.a
LOAD c:/st/stm32cubeide_1.8.0/stm32cubeide/plugins/com.st.stm32cube.ide.mcu.externaltools.gnu-tools-for-stm32.9-2020-q2-update.win32_2.0.0.202105311346/tools/bin/../lib/gcc/arm-none-eabi/9.3.1/../../../../arm-none-eabi/lib/thumb/v7e-m+fp/hard\libc_nano.a
END GROUP
START GROUP
LOAD c:/st/stm32cubeide_1.8.0/stm32cubeide/plugins/com.st.stm32cube.ide.mcu.externaltools.gnu-tools-for-stm32.9-2020-q2-update.win32_2.0.0.202105311346/tools/bin/../lib/gcc/arm-none-eabi/9.3.1/thumb/v7e-m+fp/hard\libgcc.a
LOAD c:/st/stm32cubeide_1.8.0/stm32cubeide/plugins/com.st.stm32cube.ide.mcu.externaltools.gnu-tools-for-stm32.9-2020-q2-update.win32_2.0.0.202105311346/tools/bin/../lib/gcc/arm-none-eabi/9.3.1/../../../../arm-none-eabi/lib/thumb/v7e-m+fp/hard\libc_nano.a
LOAD c:/st/stm32cubeide_1.8.0/stm32cubeide/plugins/com.st.stm32cube.ide.mcu.externaltools.gnu-tools-for-stm32.9-2020-q2-update.win32_2.0.0.202105311346/tools/bin/../lib/gcc/arm-none-eabi/9.3.1/../../../../arm-none-eabi/lib/thumb/v7e-m+fp/hard\libnosys.a
END GROUP
START GROUP
LOAD c:/st/stm32cubeide_1.8.0/stm32cubeide/plugins/com.st.stm32cube.ide.mcu.externaltools.gnu-tools-for-stm32.9-2020-q2-update.win32_2.0.0.202105311346/tools/bin/../lib/gcc/arm-none-eabi/9.3.1/thumb/v7e-m+fp/hard\libgcc.a
LOAD c:/st/stm32cubeide_1.8.0/stm32cubeide/plugins/com.st.stm32cube.ide.mcu.externaltools.gnu-tools-for-stm32.9-2020-q2-update.win32_2.0.0.202105311346/tools/bin/../lib/gcc/arm-none-eabi/9.3.1/../../../../arm-none-eabi/lib/thumb/v7e-m+fp/hard\libc_nano.a
LOAD c:/st/stm32cubeide_1.8.0/stm32cubeide/plugins/com.st.stm32cube.ide.mcu.externaltools.gnu-tools-for-stm32.9-2020-q2-update.win32_2.0.0.202105311346/tools/bin/../lib/gcc/arm-none-eabi/9.3.1/../../../../arm-none-eabi/lib/thumb/v7e-m+fp/hard\libnosys.a
END GROUP
LOAD c:/st/stm32cubeide_1.8.0/stm32cubeide/plugins/com.st.stm32cube.ide.mcu.externaltools.gnu-tools-for-stm32.9-2020-q2-update.win32_2.0.0.202105311346/tools/bin/../lib/gcc/arm-none-eabi/9.3.1/thumb/v7e-m+fp/hard/crtend.o
LOAD c:/st/stm32cubeide_1.8.0/stm32cubeide/plugins/com.st.stm32cube.ide.mcu.externaltools.gnu-tools-for-stm32.9-2020-q2-update.win32_2.0.0.202105311346/tools/bin/../lib/gcc/arm-none-eabi/9.3.1/thumb/v7e-m+fp/hard/crtn.o
                0x0000000020020000                _estack = (ORIGIN (RAM) + LENGTH (RAM))
                0x0000000000000200                _Min_Heap_Size = 0x200
                0x0000000000000400                _Min_Stack_Size = 0x400

.isr_vector     0x0000000008000000      0x1c4
                0x0000000008000000                . = ALIGN (0x4)
 *(.isr_vector)
 .isr_vector    0x0000000008000000      0x1c4 ./Core/Startup/startup_stm32f446zetx.o
                0x0000000008000000                g_pfnVectors
                0x00000000080001c4                . = ALIGN (0x4)

.text           0x00000000080001c4     0x2db8
                0x00000000080001c4                . = ALIGN (0x4)
 *(.text)
 .text          0x00000000080001c4       0x40 c:/st/stm32cubeide_1.8.0/stm32cubeide/plugins/com.st.stm32cube.ide.mcu.externaltools.gnu-tools-for-stm32.9-2020-q2-update.win32_2.0.0.202105311346/tools/bin/../lib/gcc/arm-none-eabi/9.3.1/thumb/v7e-m+fp/hard/crtbegin.o
 .text          0x0000000008000204       0x30 c:/st/stm32cubeide_1.8.0/stm32cubeide/plugins/com.st.stm32cube.ide.mcu.externaltools.gnu-tools-for-stm32.9-2020-q2-update.win32_2.0.0.202105311346/tools/bin/../lib/gcc/arm-none-eabi/9.3.1/thumb/v7e-m+fp/hard\libgcc.a(_aeabi_uldivmod.o)
                0x0000000008000204                __aeabi_uldivmod
 .text          0x0000000008000234      0x2c4 c:/st/stm32cubeide_1.8.0/stm32cubeide/plugins/com.st.stm32cube.ide.mcu.externaltools.gnu-tools-for-stm32.9-2020-q2-update.win32_2.0.0.202105311346/tools/bin/../lib/gcc/arm-none-eabi/9.3.1/thumb/v7e-m+fp/hard\libgcc.a(_udivmoddi4.o)
                0x0000000008000234                __udivmoddi4
 .text          0x00000000080004f8        0x4 c:/st/stm32cubeide_1.8.0/stm32cubeide/plugins/com.st.stm32cube.ide.mcu.externaltools.gnu-tools-for-stm32.9-2020-q2-update.win32_2.0.0.202105311346/tools/bin/../lib/gcc/arm-none-eabi/9.3.1/thumb/v7e-m+fp/hard\libgcc.a(_dvmd_tls.o)
                0x00000000080004f8                __aeabi_idiv0
                0x00000000080004f8                __aeabi_ldiv0
 *(.text*)
 .text.main     0x00000000080004fc       0x44 ./Core/Src/main.o
                0x00000000080004fc                main
 .text.SystemClock_Config
                0x0000000008000540       0xd8 ./Core/Src/main.o
                0x0000000008000540                SystemClock_Config
 .text.MX_USART3_UART_Init
                0x0000000008000618       0x54 ./Core/Src/main.o
 .text.MX_USB_OTG_FS_PCD_Init
                0x000000000800066c       0x5c ./Core/Src/main.o
 .text.MX_GPIO_Init
                0x00000000080006c8      0x15c ./Core/Src/main.o
 .text.Error_Handler
                0x0000000008000824        0xa ./Core/Src/main.o
                0x0000000008000824                Error_Handler
 *fill*         0x000000000800082e        0x2 
 .text.HAL_MspInit
                0x0000000008000830       0x50 ./Core/Src/stm32f4xx_hal_msp.o
                0x0000000008000830                HAL_MspInit
 .text.HAL_UART_MspInit
                0x0000000008000880       0x90 ./Core/Src/stm32f4xx_hal_msp.o
                0x0000000008000880                HAL_UART_MspInit
 .text.HAL_PCD_MspInit
                0x0000000008000910       0xe0 ./Core/Src/stm32f4xx_hal_msp.o
                0x0000000008000910                HAL_PCD_MspInit
 .text.NMI_Handler
                0x00000000080009f0        0x6 ./Core/Src/stm32f4xx_it.o
                0x00000000080009f0                NMI_Handler
 .text.HardFault_Handler
                0x00000000080009f6        0x6 ./Core/Src/stm32f4xx_it.o
                0x00000000080009f6                HardFault_Handler
 .text.MemManage_Handler
                0x00000000080009fc        0x6 ./Core/Src/stm32f4xx_it.o
                0x00000000080009fc                MemManage_Handler
 .text.BusFault_Handler
                0x0000000008000a02        0x6 ./Core/Src/stm32f4xx_it.o
                0x0000000008000a02                BusFault_Handler
 .text.UsageFault_Handler
                0x0000000008000a08        0x6 ./Core/Src/stm32f4xx_it.o
                0x0000000008000a08                UsageFault_Handler
 .text.SVC_Handler
                0x0000000008000a0e        0xe ./Core/Src/stm32f4xx_it.o
                0x0000000008000a0e                SVC_Handler
 .text.DebugMon_Handler
                0x0000000008000a1c        0xe ./Core/Src/stm32f4xx_it.o
                0x0000000008000a1c                DebugMon_Handler
 .text.PendSV_Handler
                0x0000000008000a2a        0xe ./Core/Src/stm32f4xx_it.o
                0x0000000008000a2a                PendSV_Handler
 .text.SysTick_Handler
                0x0000000008000a38        0xc ./Core/Src/stm32f4xx_it.o
                0x0000000008000a38                SysTick_Handler
 .text.SystemInit
                0x0000000008000a44       0x24 ./Core/Src/system_stm32f4xx.o
                0x0000000008000a44                SystemInit
 .text.Reset_Handler
                0x0000000008000a68       0x50 ./Core/Startup/startup_stm32f446zetx.o
                0x0000000008000a68                Reset_Handler
 .text.Default_Handler
                0x0000000008000ab8        0x2 ./Core/Startup/startup_stm32f446zetx.o
                0x0000000008000ab8                RTC_Alarm_IRQHandler
                0x0000000008000ab8                EXTI2_IRQHandler
                0x0000000008000ab8                TIM8_CC_IRQHandler
                0x0000000008000ab8                FMPI2C1_EV_IRQHandler
                0x0000000008000ab8                SPI4_IRQHandler
                0x0000000008000ab8                TIM1_CC_IRQHandler
                0x0000000008000ab8                DMA2_Stream5_IRQHandler
                0x0000000008000ab8                DMA1_Stream5_IRQHandler
                0x0000000008000ab8                PVD_IRQHandler
                0x0000000008000ab8                SDIO_IRQHandler
                0x0000000008000ab8                TAMP_STAMP_IRQHandler
                0x0000000008000ab8                CAN2_RX1_IRQHandler
                0x0000000008000ab8                EXTI3_IRQHandler
                0x0000000008000ab8                TIM8_TRG_COM_TIM14_IRQHandler
                0x0000000008000ab8                TIM1_UP_TIM10_IRQHandler
                0x0000000008000ab8                TIM8_UP_TIM13_IRQHandler
                0x0000000008000ab8                I2C3_ER_IRQHandler
                0x0000000008000ab8                EXTI0_IRQHandler
                0x0000000008000ab8                I2C2_EV_IRQHandler
                0x0000000008000ab8                DMA1_Stream2_IRQHandler
                0x0000000008000ab8                CAN1_RX0_IRQHandler
                0x0000000008000ab8                FPU_IRQHandler
                0x0000000008000ab8                OTG_HS_WKUP_IRQHandler
                0x0000000008000ab8                CAN2_SCE_IRQHandler
                0x0000000008000ab8                DMA2_Stream2_IRQHandler
                0x0000000008000ab8                SPI1_IRQHandler
                0x0000000008000ab8                TIM6_DAC_IRQHandler
                0x0000000008000ab8                TIM1_BRK_TIM9_IRQHandler
                0x0000000008000ab8                DCMI_IRQHandler
                0x0000000008000ab8                CAN2_RX0_IRQHandler
                0x0000000008000ab8                DMA2_Stream3_IRQHandler
                0x0000000008000ab8                SAI2_IRQHandler
                0x0000000008000ab8                USART6_IRQHandler
                0x0000000008000ab8                USART3_IRQHandler
                0x0000000008000ab8                CAN1_RX1_IRQHandler
                0x0000000008000ab8                UART5_IRQHandler
                0x0000000008000ab8                DMA2_Stream0_IRQHandler
                0x0000000008000ab8                TIM4_IRQHandler
                0x0000000008000ab8                QUADSPI_IRQHandler
                0x0000000008000ab8                I2C1_EV_IRQHandler
                0x0000000008000ab8                DMA1_Stream6_IRQHandler
                0x0000000008000ab8                DMA1_Stream1_IRQHandler
                0x0000000008000ab8                UART4_IRQHandler
                0x0000000008000ab8                TIM3_IRQHandler
                0x0000000008000ab8                RCC_IRQHandler
                0x0000000008000ab8                TIM8_BRK_TIM12_IRQHandler
                0x0000000008000ab8                Default_Handler
                0x0000000008000ab8                CEC_IRQHandler
                0x0000000008000ab8                EXTI15_10_IRQHandler
                0x0000000008000ab8                ADC_IRQHandler
                0x0000000008000ab8                DMA1_Stream7_IRQHandler
                0x0000000008000ab8                TIM7_IRQHandler
                0x0000000008000ab8                CAN2_TX_IRQHandler
                0x0000000008000ab8                TIM5_IRQHandler
                0x0000000008000ab8                DMA2_Stream7_IRQHandler
                0x0000000008000ab8                I2C3_EV_IRQHandler
                0x0000000008000ab8                EXTI9_5_IRQHandler
                0x0000000008000ab8                RTC_WKUP_IRQHandler
                0x0000000008000ab8                SPDIF_RX_IRQHandler
                0x0000000008000ab8                SPI2_IRQHandler
                0x0000000008000ab8                OTG_HS_EP1_IN_IRQHandler
                0x0000000008000ab8                DMA1_Stream0_IRQHandler
                0x0000000008000ab8                CAN1_TX_IRQHandler
                0x0000000008000ab8                FMPI2C1_ER_IRQHandler
                0x0000000008000ab8                EXTI4_IRQHandler
                0x0000000008000ab8                OTG_HS_EP1_OUT_IRQHandler
                0x0000000008000ab8                WWDG_IRQHandler
                0x0000000008000ab8                TIM2_IRQHandler
                0x0000000008000ab8                OTG_FS_WKUP_IRQHandler
                0x0000000008000ab8                TIM1_TRG_COM_TIM11_IRQHandler
                0x0000000008000ab8                OTG_HS_IRQHandler
                0x0000000008000ab8                EXTI1_IRQHandler
                0x0000000008000ab8                USART2_IRQHandler
                0x0000000008000ab8                I2C2_ER_IRQHandler
                0x0000000008000ab8                DMA2_Stream1_IRQHandler
                0x0000000008000ab8                CAN1_SCE_IRQHandler
                0x0000000008000ab8                FLASH_IRQHandler
                0x0000000008000ab8                DMA2_Stream4_IRQHandler
                0x0000000008000ab8                USART1_IRQHandler
                0x0000000008000ab8                OTG_FS_IRQHandler
                0x0000000008000ab8                SPI3_IRQHandler
                0x0000000008000ab8                DMA1_Stream4_IRQHandler
                0x0000000008000ab8                I2C1_ER_IRQHandler
                0x0000000008000ab8                FMC_IRQHandler
                0x0000000008000ab8                DMA2_Stream6_IRQHandler
                0x0000000008000ab8                SAI1_IRQHandler
                0x0000000008000ab8                DMA1_Stream3_IRQHandler
 *fill*         0x0000000008000aba        0x2 
 .text.HAL_Init
                0x0000000008000abc       0x44 ./Drivers/STM32F4xx_HAL_Driver/Src/stm32f4xx_hal.o
                0x0000000008000abc                HAL_Init
 .text.HAL_InitTick
                0x0000000008000b00       0x60 ./Drivers/STM32F4xx_HAL_Driver/Src/stm32f4xx_hal.o
                0x0000000008000b00                HAL_InitTick
 .text.HAL_IncTick
                0x0000000008000b60       0x28 ./Drivers/STM32F4xx_HAL_Driver/Src/stm32f4xx_hal.o
                0x0000000008000b60                HAL_IncTick
 .text.HAL_GetTick
                0x0000000008000b88       0x18 ./Drivers/STM32F4xx_HAL_Driver/Src/stm32f4xx_hal.o
                0x0000000008000b88                HAL_GetTick
 .text.HAL_Delay
                0x0000000008000ba0       0x48 ./Drivers/STM32F4xx_HAL_Driver/Src/stm32f4xx_hal.o
                0x0000000008000ba0                HAL_Delay
 .text.__NVIC_SetPriorityGrouping
                0x0000000008000be8       0x48 ./Drivers/STM32F4xx_HAL_Driver/Src/stm32f4xx_hal_cortex.o
 .text.__NVIC_GetPriorityGrouping
                0x0000000008000c30       0x1c ./Drivers/STM32F4xx_HAL_Driver/Src/stm32f4xx_hal_cortex.o
 .text.__NVIC_SetPriority
                0x0000000008000c4c       0x54 ./Drivers/STM32F4xx_HAL_Driver/Src/stm32f4xx_hal_cortex.o
 .text.NVIC_EncodePriority
                0x0000000008000ca0       0x66 ./Drivers/STM32F4xx_HAL_Driver/Src/stm32f4xx_hal_cortex.o
 *fill*         0x0000000008000d06        0x2 
 .text.SysTick_Config
                0x0000000008000d08       0x44 ./Drivers/STM32F4xx_HAL_Driver/Src/stm32f4xx_hal_cortex.o
 .text.HAL_NVIC_SetPriorityGrouping
                0x0000000008000d4c       0x16 ./Drivers/STM32F4xx_HAL_Driver/Src/stm32f4xx_hal_cortex.o
                0x0000000008000d4c                HAL_NVIC_SetPriorityGrouping
 .text.HAL_NVIC_SetPriority
                0x0000000008000d62       0x38 ./Drivers/STM32F4xx_HAL_Driver/Src/stm32f4xx_hal_cortex.o
                0x0000000008000d62                HAL_NVIC_SetPriority
 .text.HAL_SYSTICK_Config
                0x0000000008000d9a       0x18 ./Drivers/STM32F4xx_HAL_Driver/Src/stm32f4xx_hal_cortex.o
                0x0000000008000d9a                HAL_SYSTICK_Config
 *fill*         0x0000000008000db2        0x2 
 .text.HAL_GPIO_Init
                0x0000000008000db4      0x328 ./Drivers/STM32F4xx_HAL_Driver/Src/stm32f4xx_hal_gpio.o
                0x0000000008000db4                HAL_GPIO_Init
 .text.HAL_GPIO_ReadPin
                0x00000000080010dc       0x30 ./Drivers/STM32F4xx_HAL_Driver/Src/stm32f4xx_hal_gpio.o
                0x00000000080010dc                HAL_GPIO_ReadPin
 .text.HAL_GPIO_WritePin
                0x000000000800110c       0x32 ./Drivers/STM32F4xx_HAL_Driver/Src/stm32f4xx_hal_gpio.o
                0x000000000800110c                HAL_GPIO_WritePin
 .text.HAL_GPIO_TogglePin
                0x000000000800113e       0x34 ./Drivers/STM32F4xx_HAL_Driver/Src/stm32f4xx_hal_gpio.o
                0x000000000800113e                HAL_GPIO_TogglePin
 .text.HAL_PCD_Init
                0x0000000008001172      0x248 ./Drivers/STM32F4xx_HAL_Driver/Src/stm32f4xx_hal_pcd.o
                0x0000000008001172                HAL_PCD_Init
 .text.HAL_PCDEx_ActivateLPM
                0x00000000080013ba       0x48 ./Drivers/STM32F4xx_HAL_Driver/Src/stm32f4xx_hal_pcd_ex.o
                0x00000000080013ba                HAL_PCDEx_ActivateLPM
 *fill*         0x0000000008001402        0x2 
 .text.HAL_RCC_ClockConfig
                0x0000000008001404      0x1cc ./Drivers/STM32F4xx_HAL_Driver/Src/stm32f4xx_hal_rcc.o
                0x0000000008001404                HAL_RCC_ClockConfig
 .text.HAL_RCC_GetHCLKFreq
                0x00000000080015d0       0x18 ./Drivers/STM32F4xx_HAL_Driver/Src/stm32f4xx_hal_rcc.o
                0x00000000080015d0                HAL_RCC_GetHCLKFreq
 .text.HAL_RCC_GetPCLK1Freq
                0x00000000080015e8       0x28 ./Drivers/STM32F4xx_HAL_Driver/Src/stm32f4xx_hal_rcc.o
                0x00000000080015e8                HAL_RCC_GetPCLK1Freq
 .text.HAL_RCC_GetPCLK2Freq
                0x0000000008001610       0x28 ./Drivers/STM32F4xx_HAL_Driver/Src/stm32f4xx_hal_rcc.o
                0x0000000008001610                HAL_RCC_GetPCLK2Freq
 .text.HAL_RCCEx_PeriphCLKConfig
                0x0000000008001638      0x654 ./Drivers/STM32F4xx_HAL_Driver/Src/stm32f4xx_hal_rcc_ex.o
                0x0000000008001638                HAL_RCCEx_PeriphCLKConfig
 .text.HAL_RCC_GetSysClockFreq
                0x0000000008001c8c      0x364 ./Drivers/STM32F4xx_HAL_Driver/Src/stm32f4xx_hal_rcc_ex.o
                0x0000000008001c8c                HAL_RCC_GetSysClockFreq
 .text.HAL_RCC_OscConfig
                0x0000000008001ff0      0x53c ./Drivers/STM32F4xx_HAL_Driver/Src/stm32f4xx_hal_rcc_ex.o
                0x0000000008001ff0                HAL_RCC_OscConfig
 .text.HAL_UART_Init
                0x000000000800252c       0x9a ./Drivers/STM32F4xx_HAL_Driver/Src/stm32f4xx_hal_uart.o
                0x000000000800252c                HAL_UART_Init
 *fill*         0x00000000080025c6        0x2 
 .text.UART_SetConfig
                0x00000000080025c8      0x390 ./Drivers/STM32F4xx_HAL_Driver/Src/stm32f4xx_hal_uart.o
 .text.USB_CoreInit
                0x0000000008002958       0xc2 ./Drivers/STM32F4xx_HAL_Driver/Src/stm32f4xx_ll_usb.o
                0x0000000008002958                USB_CoreInit
 .text.USB_DisableGlobalInt
                0x0000000008002a1a       0x22 ./Drivers/STM32F4xx_HAL_Driver/Src/stm32f4xx_ll_usb.o
                0x0000000008002a1a                USB_DisableGlobalInt
 .text.USB_SetCurrentMode
                0x0000000008002a3c       0x98 ./Drivers/STM32F4xx_HAL_Driver/Src/stm32f4xx_ll_usb.o
                0x0000000008002a3c                USB_SetCurrentMode
 .text.USB_DevInit
                0x0000000008002ad4      0x2bc ./Drivers/STM32F4xx_HAL_Driver/Src/stm32f4xx_ll_usb.o
                0x0000000008002ad4                USB_DevInit
 .text.USB_FlushTxFifo
                0x0000000008002d90       0x48 ./Drivers/STM32F4xx_HAL_Driver/Src/stm32f4xx_ll_usb.o
                0x0000000008002d90                USB_FlushTxFifo
 .text.USB_FlushRxFifo
                0x0000000008002dd8       0x40 ./Drivers/STM32F4xx_HAL_Driver/Src/stm32f4xx_ll_usb.o
                0x0000000008002dd8                USB_FlushRxFifo
 .text.USB_SetDevSpeed
                0x0000000008002e18       0x32 ./Drivers/STM32F4xx_HAL_Driver/Src/stm32f4xx_ll_usb.o
                0x0000000008002e18                USB_SetDevSpeed
 .text.USB_DevDisconnect
                0x0000000008002e4a       0x42 ./Drivers/STM32F4xx_HAL_Driver/Src/stm32f4xx_ll_usb.o
                0x0000000008002e4a                USB_DevDisconnect
 .text.USB_GetMode
                0x0000000008002e8c       0x1c ./Drivers/STM32F4xx_HAL_Driver/Src/stm32f4xx_ll_usb.o
                0x0000000008002e8c                USB_GetMode
 .text.USB_CoreReset
                0x0000000008002ea8       0x64 ./Drivers/STM32F4xx_HAL_Driver/Src/stm32f4xx_ll_usb.o
 .text.__libc_init_array
                0x0000000008002f0c       0x48 c:/st/stm32cubeide_1.8.0/stm32cubeide/plugins/com.st.stm32cube.ide.mcu.externaltools.gnu-tools-for-stm32.9-2020-q2-update.win32_2.0.0.202105311346/tools/bin/../lib/gcc/arm-none-eabi/9.3.1/../../../../arm-none-eabi/lib/thumb/v7e-m+fp/hard\libc_nano.a(lib_a-init.o)
                0x0000000008002f0c                __libc_init_array
 .text.memset   0x0000000008002f54       0x10 c:/st/stm32cubeide_1.8.0/stm32cubeide/plugins/com.st.stm32cube.ide.mcu.externaltools.gnu-tools-for-stm32.9-2020-q2-update.win32_2.0.0.202105311346/tools/bin/../lib/gcc/arm-none-eabi/9.3.1/../../../../arm-none-eabi/lib/thumb/v7e-m+fp/hard\libc_nano.a(lib_a-memset.o)
                0x0000000008002f54                memset
 *(.glue_7)
 .glue_7        0x0000000008002f64        0x0 linker stubs
 *(.glue_7t)
 .glue_7t       0x0000000008002f64        0x0 linker stubs
 *(.eh_frame)
 .eh_frame      0x0000000008002f64        0x0 c:/st/stm32cubeide_1.8.0/stm32cubeide/plugins/com.st.stm32cube.ide.mcu.externaltools.gnu-tools-for-stm32.9-2020-q2-update.win32_2.0.0.202105311346/tools/bin/../lib/gcc/arm-none-eabi/9.3.1/thumb/v7e-m+fp/hard/crtbegin.o
 *(.init)
 .init          0x0000000008002f64        0x4 c:/st/stm32cubeide_1.8.0/stm32cubeide/plugins/com.st.stm32cube.ide.mcu.externaltools.gnu-tools-for-stm32.9-2020-q2-update.win32_2.0.0.202105311346/tools/bin/../lib/gcc/arm-none-eabi/9.3.1/thumb/v7e-m+fp/hard/crti.o
                0x0000000008002f64                _init
 .init          0x0000000008002f68        0x8 c:/st/stm32cubeide_1.8.0/stm32cubeide/plugins/com.st.stm32cube.ide.mcu.externaltools.gnu-tools-for-stm32.9-2020-q2-update.win32_2.0.0.202105311346/tools/bin/../lib/gcc/arm-none-eabi/9.3.1/thumb/v7e-m+fp/hard/crtn.o
 *(.fini)
 .fini          0x0000000008002f70        0x4 c:/st/stm32cubeide_1.8.0/stm32cubeide/plugins/com.st.stm32cube.ide.mcu.externaltools.gnu-tools-for-stm32.9-2020-q2-update.win32_2.0.0.202105311346/tools/bin/../lib/gcc/arm-none-eabi/9.3.1/thumb/v7e-m+fp/hard/crti.o
                0x0000000008002f70                _fini
 .fini          0x0000000008002f74        0x8 c:/st/stm32cubeide_1.8.0/stm32cubeide/plugins/com.st.stm32cube.ide.mcu.externaltools.gnu-tools-for-stm32.9-2020-q2-update.win32_2.0.0.202105311346/tools/bin/../lib/gcc/arm-none-eabi/9.3.1/thumb/v7e-m+fp/hard/crtn.o
                0x0000000008002f7c                . = ALIGN (0x4)
                0x0000000008002f7c                _etext = .

.vfp11_veneer   0x0000000008002f7c        0x0
 .vfp11_veneer  0x0000000008002f7c        0x0 linker stubs

.v4_bx          0x0000000008002f7c        0x0
 .v4_bx         0x0000000008002f7c        0x0 linker stubs

.iplt           0x0000000008002f7c        0x0
 .iplt          0x0000000008002f7c        0x0 c:/st/stm32cubeide_1.8.0/stm32cubeide/plugins/com.st.stm32cube.ide.mcu.externaltools.gnu-tools-for-stm32.9-2020-q2-update.win32_2.0.0.202105311346/tools/bin/../lib/gcc/arm-none-eabi/9.3.1/thumb/v7e-m+fp/hard/crtbegin.o

.rodata         0x0000000008002f7c       0x18
                0x0000000008002f7c                . = ALIGN (0x4)
 *(.rodata)
 *(.rodata*)
 .rodata.AHBPrescTable
                0x0000000008002f7c       0x10 ./Core/Src/system_stm32f4xx.o
                0x0000000008002f7c                AHBPrescTable
 .rodata.APBPrescTable
                0x0000000008002f8c        0x8 ./Core/Src/system_stm32f4xx.o
                0x0000000008002f8c                APBPrescTable
                0x0000000008002f94                . = ALIGN (0x4)

.ARM.extab      0x0000000008002f94        0x0
                0x0000000008002f94                . = ALIGN (0x4)
 *(.ARM.extab* .gnu.linkonce.armextab.*)
                0x0000000008002f94                . = ALIGN (0x4)

.ARM            0x0000000008002f94        0x8
                0x0000000008002f94                . = ALIGN (0x4)
                0x0000000008002f94                __exidx_start = .
 *(.ARM.exidx*)
 .ARM.exidx     0x0000000008002f94        0x8 c:/st/stm32cubeide_1.8.0/stm32cubeide/plugins/com.st.stm32cube.ide.mcu.externaltools.gnu-tools-for-stm32.9-2020-q2-update.win32_2.0.0.202105311346/tools/bin/../lib/gcc/arm-none-eabi/9.3.1/thumb/v7e-m+fp/hard\libgcc.a(_udivmoddi4.o)
                0x0000000008002f9c                __exidx_end = .
                0x0000000008002f9c                . = ALIGN (0x4)

.rel.dyn        0x0000000008002f9c        0x0
 .rel.iplt      0x0000000008002f9c        0x0 c:/st/stm32cubeide_1.8.0/stm32cubeide/plugins/com.st.stm32cube.ide.mcu.externaltools.gnu-tools-for-stm32.9-2020-q2-update.win32_2.0.0.202105311346/tools/bin/../lib/gcc/arm-none-eabi/9.3.1/thumb/v7e-m+fp/hard/crtbegin.o

.preinit_array  0x0000000008002f9c        0x0
                0x0000000008002f9c                . = ALIGN (0x4)
                0x0000000008002f9c                PROVIDE (__preinit_array_start = .)
 *(.preinit_array*)
                0x0000000008002f9c                PROVIDE (__preinit_array_end = .)
                0x0000000008002f9c                . = ALIGN (0x4)

.init_array     0x0000000008002f9c        0x4
                0x0000000008002f9c                . = ALIGN (0x4)
                0x0000000008002f9c                PROVIDE (__init_array_start = .)
 *(SORT_BY_NAME(.init_array.*))
 *(.init_array*)
 .init_array    0x0000000008002f9c        0x4 c:/st/stm32cubeide_1.8.0/stm32cubeide/plugins/com.st.stm32cube.ide.mcu.externaltools.gnu-tools-for-stm32.9-2020-q2-update.win32_2.0.0.202105311346/tools/bin/../lib/gcc/arm-none-eabi/9.3.1/thumb/v7e-m+fp/hard/crtbegin.o
                0x0000000008002fa0                PROVIDE (__init_array_end = .)
                0x0000000008002fa0                . = ALIGN (0x4)

.fini_array     0x0000000008002fa0        0x4
                0x0000000008002fa0                . = ALIGN (0x4)
                [!provide]                        PROVIDE (__fini_array_start = .)
 *(SORT_BY_NAME(.fini_array.*))
 *(.fini_array*)
 .fini_array    0x0000000008002fa0        0x4 c:/st/stm32cubeide_1.8.0/stm32cubeide/plugins/com.st.stm32cube.ide.mcu.externaltools.gnu-tools-for-stm32.9-2020-q2-update.win32_2.0.0.202105311346/tools/bin/../lib/gcc/arm-none-eabi/9.3.1/thumb/v7e-m+fp/hard/crtbegin.o
                [!provide]                        PROVIDE (__fini_array_end = .)
                0x0000000008002fa4                . = ALIGN (0x4)
                0x0000000008002fa4                _sidata = LOADADDR (.data)

.data           0x0000000020000000        0xc load address 0x0000000008002fa4
                0x0000000020000000                . = ALIGN (0x4)
                0x0000000020000000                _sdata = .
 *(.data)
 *(.data*)
 .data.SystemCoreClock
                0x0000000020000000        0x4 ./Core/Src/system_stm32f4xx.o
                0x0000000020000000                SystemCoreClock
 .data.uwTickPrio
                0x0000000020000004        0x4 ./Drivers/STM32F4xx_HAL_Driver/Src/stm32f4xx_hal.o
                0x0000000020000004                uwTickPrio
 .data.uwTickFreq
                0x0000000020000008        0x1 ./Drivers/STM32F4xx_HAL_Driver/Src/stm32f4xx_hal.o
                0x0000000020000008                uwTickFreq
 *(.RamFunc)
 *(.RamFunc*)
                0x000000002000000c                . = ALIGN (0x4)
 *fill*         0x0000000020000009        0x3 
                0x000000002000000c                _edata = .

.igot.plt       0x000000002000000c        0x0 load address 0x0000000008002fb0
 .igot.plt      0x000000002000000c        0x0 c:/st/stm32cubeide_1.8.0/stm32cubeide/plugins/com.st.stm32cube.ide.mcu.externaltools.gnu-tools-for-stm32.9-2020-q2-update.win32_2.0.0.202105311346/tools/bin/../lib/gcc/arm-none-eabi/9.3.1/thumb/v7e-m+fp/hard/crtbegin.o
                0x000000002000000c                . = ALIGN (0x4)

.bss            0x000000002000000c      0x470 load address 0x0000000008002fb0
                0x000000002000000c                _sbss = .
                0x000000002000000c                __bss_start__ = _sbss
 *(.bss)
 .bss           0x000000002000000c       0x1c c:/st/stm32cubeide_1.8.0/stm32cubeide/plugins/com.st.stm32cube.ide.mcu.externaltools.gnu-tools-for-stm32.9-2020-q2-update.win32_2.0.0.202105311346/tools/bin/../lib/gcc/arm-none-eabi/9.3.1/thumb/v7e-m+fp/hard/crtbegin.o
 *(.bss*)
 .bss.LED_State
                0x0000000020000028        0x4 ./Core/Src/main.o
                0x0000000020000028                LED_State
 *(COMMON)
 COMMON         0x000000002000002c      0x44c ./Core/Src/main.o
                0x000000002000002c                huart3
                0x0000000020000070                hpcd_USB_OTG_FS
 COMMON         0x0000000020000478        0x4 ./Drivers/STM32F4xx_HAL_Driver/Src/stm32f4xx_hal.o
                0x0000000020000478                uwTick
                0x000000002000047c                . = ALIGN (0x4)
                0x000000002000047c                _ebss = .
                0x000000002000047c                __bss_end__ = _ebss

._user_heap_stack
                0x000000002000047c      0x604 load address 0x0000000008002fb0
                0x0000000020000480                . = ALIGN (0x8)
 *fill*         0x000000002000047c        0x4 
                [!provide]                        PROVIDE (end = .)
                0x0000000020000480                PROVIDE (_end = .)
                0x0000000020000680                . = (. + _Min_Heap_Size)
 *fill*         0x0000000020000480      0x200 
                0x0000000020000a80                . = (. + _Min_Stack_Size)
 *fill*         0x0000000020000680      0x400 
                0x0000000020000a80                . = ALIGN (0x8)

/DISCARD/
 libc.a(*)
 libm.a(*)
 libgcc.a(*)

.ARM.attributes
                0x0000000000000000       0x30
 *(.ARM.attributes)
 .ARM.attributes
                0x0000000000000000       0x1e c:/st/stm32cubeide_1.8.0/stm32cubeide/plugins/com.st.stm32cube.ide.mcu.externaltools.gnu-tools-for-stm32.9-2020-q2-update.win32_2.0.0.202105311346/tools/bin/../lib/gcc/arm-none-eabi/9.3.1/thumb/v7e-m+fp/hard/crti.o
 .ARM.attributes
                0x000000000000001e       0x34 c:/st/stm32cubeide_1.8.0/stm32cubeide/plugins/com.st.stm32cube.ide.mcu.externaltools.gnu-tools-for-stm32.9-2020-q2-update.win32_2.0.0.202105311346/tools/bin/../lib/gcc/arm-none-eabi/9.3.1/thumb/v7e-m+fp/hard/crtbegin.o
 .ARM.attributes
                0x0000000000000052       0x34 ./Core/Src/main.o
 .ARM.attributes
                0x0000000000000086       0x34 ./Core/Src/stm32f4xx_hal_msp.o
 .ARM.attributes
                0x00000000000000ba       0x34 ./Core/Src/stm32f4xx_it.o
 .ARM.attributes
                0x00000000000000ee       0x34 ./Core/Src/system_stm32f4xx.o
 .ARM.attributes
                0x0000000000000122       0x21 ./Core/Startup/startup_stm32f446zetx.o
 .ARM.attributes
                0x0000000000000143       0x34 ./Drivers/STM32F4xx_HAL_Driver/Src/stm32f4xx_hal.o
 .ARM.attributes
                0x0000000000000177       0x34 ./Drivers/STM32F4xx_HAL_Driver/Src/stm32f4xx_hal_cortex.o
 .ARM.attributes
                0x00000000000001ab       0x34 ./Drivers/STM32F4xx_HAL_Driver/Src/stm32f4xx_hal_gpio.o
 .ARM.attributes
                0x00000000000001df       0x34 ./Drivers/STM32F4xx_HAL_Driver/Src/stm32f4xx_hal_pcd.o
 .ARM.attributes
                0x0000000000000213       0x34 ./Drivers/STM32F4xx_HAL_Driver/Src/stm32f4xx_hal_pcd_ex.o
 .ARM.attributes
                0x0000000000000247       0x34 ./Drivers/STM32F4xx_HAL_Driver/Src/stm32f4xx_hal_rcc.o
 .ARM.attributes
                0x000000000000027b       0x34 ./Drivers/STM32F4xx_HAL_Driver/Src/stm32f4xx_hal_rcc_ex.o
 .ARM.attributes
                0x00000000000002af       0x34 ./Drivers/STM32F4xx_HAL_Driver/Src/stm32f4xx_hal_uart.o
 .ARM.attributes
                0x00000000000002e3       0x34 ./Drivers/STM32F4xx_HAL_Driver/Src/stm32f4xx_ll_usb.o
 .ARM.attributes
                0x0000000000000317       0x34 c:/st/stm32cubeide_1.8.0/stm32cubeide/plugins/com.st.stm32cube.ide.mcu.externaltools.gnu-tools-for-stm32.9-2020-q2-update.win32_2.0.0.202105311346/tools/bin/../lib/gcc/arm-none-eabi/9.3.1/../../../../arm-none-eabi/lib/thumb/v7e-m+fp/hard\libc_nano.a(lib_a-init.o)
 .ARM.attributes
                0x000000000000034b       0x34 c:/st/stm32cubeide_1.8.0/stm32cubeide/plugins/com.st.stm32cube.ide.mcu.externaltools.gnu-tools-for-stm32.9-2020-q2-update.win32_2.0.0.202105311346/tools/bin/../lib/gcc/arm-none-eabi/9.3.1/../../../../arm-none-eabi/lib/thumb/v7e-m+fp/hard\libc_nano.a(lib_a-memset.o)
 .ARM.attributes
                0x000000000000037f       0x1e c:/st/stm32cubeide_1.8.0/stm32cubeide/plugins/com.st.stm32cube.ide.mcu.externaltools.gnu-tools-for-stm32.9-2020-q2-update.win32_2.0.0.202105311346/tools/bin/../lib/gcc/arm-none-eabi/9.3.1/thumb/v7e-m+fp/hard\libgcc.a(_aeabi_uldivmod.o)
 .ARM.attributes
                0x000000000000039d       0x34 c:/st/stm32cubeide_1.8.0/stm32cubeide/plugins/com.st.stm32cube.ide.mcu.externaltools.gnu-tools-for-stm32.9-2020-q2-update.win32_2.0.0.202105311346/tools/bin/../lib/gcc/arm-none-eabi/9.3.1/thumb/v7e-m+fp/hard\libgcc.a(_udivmoddi4.o)
 .ARM.attributes
                0x00000000000003d1       0x1e c:/st/stm32cubeide_1.8.0/stm32cubeide/plugins/com.st.stm32cube.ide.mcu.externaltools.gnu-tools-for-stm32.9-2020-q2-update.win32_2.0.0.202105311346/tools/bin/../lib/gcc/arm-none-eabi/9.3.1/thumb/v7e-m+fp/hard\libgcc.a(_dvmd_tls.o)
 .ARM.attributes
                0x00000000000003ef       0x1e c:/st/stm32cubeide_1.8.0/stm32cubeide/plugins/com.st.stm32cube.ide.mcu.externaltools.gnu-tools-for-stm32.9-2020-q2-update.win32_2.0.0.202105311346/tools/bin/../lib/gcc/arm-none-eabi/9.3.1/thumb/v7e-m+fp/hard/crtn.o
OUTPUT(blinky.elf elf32-littlearm)
LOAD linker stubs
LOAD c:/st/stm32cubeide_1.8.0/stm32cubeide/plugins/com.st.stm32cube.ide.mcu.externaltools.gnu-tools-for-stm32.9-2020-q2-update.win32_2.0.0.202105311346/tools/bin/../lib/gcc/arm-none-eabi/9.3.1/../../../../arm-none-eabi/lib/thumb/v7e-m+fp/hard\libc.a
LOAD c:/st/stm32cubeide_1.8.0/stm32cubeide/plugins/com.st.stm32cube.ide.mcu.externaltools.gnu-tools-for-stm32.9-2020-q2-update.win32_2.0.0.202105311346/tools/bin/../lib/gcc/arm-none-eabi/9.3.1/../../../../arm-none-eabi/lib/thumb/v7e-m+fp/hard\libm.a
LOAD c:/st/stm32cubeide_1.8.0/stm32cubeide/plugins/com.st.stm32cube.ide.mcu.externaltools.gnu-tools-for-stm32.9-2020-q2-update.win32_2.0.0.202105311346/tools/bin/../lib/gcc/arm-none-eabi/9.3.1/thumb/v7e-m+fp/hard\libgcc.a

.debug_info     0x0000000000000000     0xc9bb
 .debug_info    0x0000000000000000     0x11a3 ./Core/Src/main.o
 .debug_info    0x00000000000011a3     0x1132 ./Core/Src/stm32f4xx_hal_msp.o
 .debug_info    0x00000000000022d5      0x222 ./Core/Src/stm32f4xx_it.o
 .debug_info    0x00000000000024f7      0x5dc ./Core/Src/system_stm32f4xx.o
 .debug_info    0x0000000000002ad3       0x22 ./Core/Startup/startup_stm32f446zetx.o
 .debug_info    0x0000000000002af5      0xa08 ./Drivers/STM32F4xx_HAL_Driver/Src/stm32f4xx_hal.o
 .debug_info    0x00000000000034fd      0xef5 ./Drivers/STM32F4xx_HAL_Driver/Src/stm32f4xx_hal_cortex.o
 .debug_info    0x00000000000043f2      0x892 ./Drivers/STM32F4xx_HAL_Driver/Src/stm32f4xx_hal_gpio.o
 .debug_info    0x0000000000004c84     0x1341 ./Drivers/STM32F4xx_HAL_Driver/Src/stm32f4xx_hal_pcd.o
 .debug_info    0x0000000000005fc5      0x89f ./Drivers/STM32F4xx_HAL_Driver/Src/stm32f4xx_hal_pcd_ex.o
 .debug_info    0x0000000000006864      0x9db ./Drivers/STM32F4xx_HAL_Driver/Src/stm32f4xx_hal_rcc.o
 .debug_info    0x000000000000723f      0xa86 ./Drivers/STM32F4xx_HAL_Driver/Src/stm32f4xx_hal_rcc_ex.o
 .debug_info    0x0000000000007cc5     0x31de ./Drivers/STM32F4xx_HAL_Driver/Src/stm32f4xx_hal_uart.o
 .debug_info    0x000000000000aea3     0x1b18 ./Drivers/STM32F4xx_HAL_Driver/Src/stm32f4xx_ll_usb.o

.debug_abbrev   0x0000000000000000     0x1c13
 .debug_abbrev  0x0000000000000000      0x260 ./Core/Src/main.o
 .debug_abbrev  0x0000000000000260      0x1ec ./Core/Src/stm32f4xx_hal_msp.o
 .debug_abbrev  0x000000000000044c       0xd2 ./Core/Src/stm32f4xx_it.o
 .debug_abbrev  0x000000000000051e      0x145 ./Core/Src/system_stm32f4xx.o
 .debug_abbrev  0x0000000000000663       0x12 ./Core/Startup/startup_stm32f446zetx.o
 .debug_abbrev  0x0000000000000675      0x1ed ./Drivers/STM32F4xx_HAL_Driver/Src/stm32f4xx_hal.o
 .debug_abbrev  0x0000000000000862      0x33c ./Drivers/STM32F4xx_HAL_Driver/Src/stm32f4xx_hal_cortex.o
 .debug_abbrev  0x0000000000000b9e      0x1f1 ./Drivers/STM32F4xx_HAL_Driver/Src/stm32f4xx_hal_gpio.o
 .debug_abbrev  0x0000000000000d8f      0x2a0 ./Drivers/STM32F4xx_HAL_Driver/Src/stm32f4xx_hal_pcd.o
 .debug_abbrev  0x000000000000102f      0x1fb ./Drivers/STM32F4xx_HAL_Driver/Src/stm32f4xx_hal_pcd_ex.o
 .debug_abbrev  0x000000000000122a      0x275 ./Drivers/STM32F4xx_HAL_Driver/Src/stm32f4xx_hal_rcc.o
 .debug_abbrev  0x000000000000149f      0x1e2 ./Drivers/STM32F4xx_HAL_Driver/Src/stm32f4xx_hal_rcc_ex.o
 .debug_abbrev  0x0000000000001681      0x2eb ./Drivers/STM32F4xx_HAL_Driver/Src/stm32f4xx_hal_uart.o
 .debug_abbrev  0x000000000000196c      0x2a7 ./Drivers/STM32F4xx_HAL_Driver/Src/stm32f4xx_ll_usb.o

.debug_aranges  0x0000000000000000      0x9b0
 .debug_aranges
                0x0000000000000000       0x48 ./Core/Src/main.o
 .debug_aranges
                0x0000000000000048       0x40 ./Core/Src/stm32f4xx_hal_msp.o
 .debug_aranges
                0x0000000000000088       0x60 ./Core/Src/stm32f4xx_it.o
 .debug_aranges
                0x00000000000000e8       0x28 ./Core/Src/system_stm32f4xx.o
 .debug_aranges
                0x0000000000000110       0x28 ./Core/Startup/startup_stm32f446zetx.o
 .debug_aranges
                0x0000000000000138       0xf0 ./Drivers/STM32F4xx_HAL_Driver/Src/stm32f4xx_hal.o
 .debug_aranges
                0x0000000000000228      0x118 ./Drivers/STM32F4xx_HAL_Driver/Src/stm32f4xx_hal_cortex.o
 .debug_aranges
                0x0000000000000340       0x58 ./Drivers/STM32F4xx_HAL_Driver/Src/stm32f4xx_hal_gpio.o
 .debug_aranges
                0x0000000000000398      0x138 ./Drivers/STM32F4xx_HAL_Driver/Src/stm32f4xx_hal_pcd.o
 .debug_aranges
                0x00000000000004d0       0x48 ./Drivers/STM32F4xx_HAL_Driver/Src/stm32f4xx_hal_pcd_ex.o
 .debug_aranges
                0x0000000000000518       0x88 ./Drivers/STM32F4xx_HAL_Driver/Src/stm32f4xx_hal_rcc.o
 .debug_aranges
                0x00000000000005a0       0x78 ./Drivers/STM32F4xx_HAL_Driver/Src/stm32f4xx_hal_rcc_ex.o
 .debug_aranges
                0x0000000000000618      0x200 ./Drivers/STM32F4xx_HAL_Driver/Src/stm32f4xx_hal_uart.o
 .debug_aranges
                0x0000000000000818      0x198 ./Drivers/STM32F4xx_HAL_Driver/Src/stm32f4xx_ll_usb.o

.debug_ranges   0x0000000000000000      0x908
 .debug_ranges  0x0000000000000000       0x38 ./Core/Src/main.o
 .debug_ranges  0x0000000000000038       0x30 ./Core/Src/stm32f4xx_hal_msp.o
 .debug_ranges  0x0000000000000068       0x50 ./Core/Src/stm32f4xx_it.o
 .debug_ranges  0x00000000000000b8       0x18 ./Core/Src/system_stm32f4xx.o
 .debug_ranges  0x00000000000000d0       0x20 ./Core/Startup/startup_stm32f446zetx.o
 .debug_ranges  0x00000000000000f0       0xe0 ./Drivers/STM32F4xx_HAL_Driver/Src/stm32f4xx_hal.o
 .debug_ranges  0x00000000000001d0      0x108 ./Drivers/STM32F4xx_HAL_Driver/Src/stm32f4xx_hal_cortex.o
 .debug_ranges  0x00000000000002d8       0x48 ./Drivers/STM32F4xx_HAL_Driver/Src/stm32f4xx_hal_gpio.o
 .debug_ranges  0x0000000000000320      0x128 ./Drivers/STM32F4xx_HAL_Driver/Src/stm32f4xx_hal_pcd.o
 .debug_ranges  0x0000000000000448       0x38 ./Drivers/STM32F4xx_HAL_Driver/Src/stm32f4xx_hal_pcd_ex.o
 .debug_ranges  0x0000000000000480       0x78 ./Drivers/STM32F4xx_HAL_Driver/Src/stm32f4xx_hal_rcc.o
 .debug_ranges  0x00000000000004f8       0x68 ./Drivers/STM32F4xx_HAL_Driver/Src/stm32f4xx_hal_rcc_ex.o
 .debug_ranges  0x0000000000000560      0x220 ./Drivers/STM32F4xx_HAL_Driver/Src/stm32f4xx_hal_uart.o
 .debug_ranges  0x0000000000000780      0x188 ./Drivers/STM32F4xx_HAL_Driver/Src/stm32f4xx_ll_usb.o

.debug_macro    0x0000000000000000    0x20b9f
 .debug_macro   0x0000000000000000      0x1ed ./Core/Src/main.o
 .debug_macro   0x00000000000001ed      0xaa8 ./Core/Src/main.o
 .debug_macro   0x0000000000000c95      0x29b ./Core/Src/main.o
 .debug_macro   0x0000000000000f30       0x2e ./Core/Src/main.o
 .debug_macro   0x0000000000000f5e       0x28 ./Core/Src/main.o
 .debug_macro   0x0000000000000f86       0x22 ./Core/Src/main.o
 .debug_macro   0x0000000000000fa8       0x8e ./Core/Src/main.o
 .debug_macro   0x0000000000001036       0x51 ./Core/Src/main.o
 .debug_macro   0x0000000000001087      0x103 ./Core/Src/main.o
 .debug_macro   0x000000000000118a       0x6a ./Core/Src/main.o
 .debug_macro   0x00000000000011f4      0x1df ./Core/Src/main.o
 .debug_macro   0x00000000000013d3       0x1c ./Core/Src/main.o
 .debug_macro   0x00000000000013ef       0x22 ./Core/Src/main.o
 .debug_macro   0x0000000000001411       0xdf ./Core/Src/main.o
 .debug_macro   0x00000000000014f0     0x102d ./Core/Src/main.o
 .debug_macro   0x000000000000251d      0x11f ./Core/Src/main.o
 .debug_macro   0x000000000000263c    0x16749 ./Core/Src/main.o
 .debug_macro   0x0000000000018d85       0x6d ./Core/Src/main.o
 .debug_macro   0x0000000000018df2     0x3666 ./Core/Src/main.o
 .debug_macro   0x000000000001c458      0x174 ./Core/Src/main.o
 .debug_macro   0x000000000001c5cc       0x5c ./Core/Src/main.o
 .debug_macro   0x000000000001c628      0xc90 ./Core/Src/main.o
 .debug_macro   0x000000000001d2b8      0x9fe ./Core/Src/main.o
 .debug_macro   0x000000000001dcb6      0x116 ./Core/Src/main.o
 .debug_macro   0x000000000001ddcc      0x1a0 ./Core/Src/main.o
 .debug_macro   0x000000000001df6c       0xa5 ./Core/Src/main.o
 .debug_macro   0x000000000001e011      0x16d ./Core/Src/main.o
 .debug_macro   0x000000000001e17e      0x287 ./Core/Src/main.o
 .debug_macro   0x000000000001e405       0x5f ./Core/Src/main.o
 .debug_macro   0x000000000001e464      0x236 ./Core/Src/main.o
 .debug_macro   0x000000000001e69a      0x132 ./Core/Src/main.o
 .debug_macro   0x000000000001e7cc      0x29c ./Core/Src/main.o
 .debug_macro   0x000000000001ea68       0x2e ./Core/Src/main.o
 .debug_macro   0x000000000001ea96      0x11a ./Core/Src/main.o
 .debug_macro   0x000000000001ebb0       0xe8 ./Core/Src/main.o
 .debug_macro   0x000000000001ec98       0x89 ./Core/Src/main.o
 .debug_macro   0x000000000001ed21      0x295 ./Core/Src/main.o
 .debug_macro   0x000000000001efb6      0x21e ./Core/Src/main.o
 .debug_macro   0x000000000001f1d4       0xba ./Core/Src/main.o
 .debug_macro   0x000000000001f28e      0x126 ./Core/Src/main.o
 .debug_macro   0x000000000001f3b4       0xc4 ./Core/Src/main.o
 .debug_macro   0x000000000001f478      0x1ed ./Core/Src/stm32f4xx_hal_msp.o
 .debug_macro   0x000000000001f665      0x1f7 ./Core/Src/stm32f4xx_it.o
 .debug_macro   0x000000000001f85c      0x1de ./Core/Src/system_stm32f4xx.o
 .debug_macro   0x000000000001fa3a      0x23e ./Drivers/STM32F4xx_HAL_Driver/Src/stm32f4xx_hal.o
 .debug_macro   0x000000000001fc78      0x1de ./Drivers/STM32F4xx_HAL_Driver/Src/stm32f4xx_hal_cortex.o
 .debug_macro   0x000000000001fe56      0x1e4 ./Drivers/STM32F4xx_HAL_Driver/Src/stm32f4xx_hal_gpio.o
 .debug_macro   0x000000000002003a      0x1ea ./Drivers/STM32F4xx_HAL_Driver/Src/stm32f4xx_hal_pcd.o
 .debug_macro   0x0000000000020224      0x1de ./Drivers/STM32F4xx_HAL_Driver/Src/stm32f4xx_hal_pcd_ex.o
 .debug_macro   0x0000000000020402      0x202 ./Drivers/STM32F4xx_HAL_Driver/Src/stm32f4xx_hal_rcc.o
 .debug_macro   0x0000000000020604      0x1de ./Drivers/STM32F4xx_HAL_Driver/Src/stm32f4xx_hal_rcc_ex.o
 .debug_macro   0x00000000000207e2      0x1df ./Drivers/STM32F4xx_HAL_Driver/Src/stm32f4xx_hal_uart.o
 .debug_macro   0x00000000000209c1      0x1de ./Drivers/STM32F4xx_HAL_Driver/Src/stm32f4xx_ll_usb.o

.debug_line     0x0000000000000000     0xc089
 .debug_line    0x0000000000000000      0x82d ./Core/Src/main.o
 .debug_line    0x000000000000082d      0x797 ./Core/Src/stm32f4xx_hal_msp.o
 .debug_line    0x0000000000000fc4      0x79f ./Core/Src/stm32f4xx_it.o
 .debug_line    0x0000000000001763      0x75e ./Core/Src/system_stm32f4xx.o
 .debug_line    0x0000000000001ec1       0x88 ./Core/Startup/startup_stm32f446zetx.o
 .debug_line    0x0000000000001f49      0x9c4 ./Drivers/STM32F4xx_HAL_Driver/Src/stm32f4xx_hal.o
 .debug_line    0x000000000000290d      0xc73 ./Drivers/STM32F4xx_HAL_Driver/Src/stm32f4xx_hal_cortex.o
 .debug_line    0x0000000000003580      0xb26 ./Drivers/STM32F4xx_HAL_Driver/Src/stm32f4xx_hal_gpio.o
 .debug_line    0x00000000000040a6     0x1338 ./Drivers/STM32F4xx_HAL_Driver/Src/stm32f4xx_hal_pcd.o
 .debug_line    0x00000000000053de      0x7ee ./Drivers/STM32F4xx_HAL_Driver/Src/stm32f4xx_hal_pcd_ex.o
 .debug_line    0x0000000000005bcc      0xd4c ./Drivers/STM32F4xx_HAL_Driver/Src/stm32f4xx_hal_rcc.o
 .debug_line    0x0000000000006918     0x13d2 ./Drivers/STM32F4xx_HAL_Driver/Src/stm32f4xx_hal_rcc_ex.o
 .debug_line    0x0000000000007cea     0x2a4b ./Drivers/STM32F4xx_HAL_Driver/Src/stm32f4xx_hal_uart.o
 .debug_line    0x000000000000a735     0x1954 ./Drivers/STM32F4xx_HAL_Driver/Src/stm32f4xx_ll_usb.o

.debug_str      0x0000000000000000    0xc67e0
 .debug_str     0x0000000000000000    0xc3d3f ./Core/Src/main.o
                                      0xc403f (size before relaxing)
 .debug_str     0x00000000000c3d3f      0x1fe ./Core/Src/stm32f4xx_hal_msp.o
                                      0xc4084 (size before relaxing)
 .debug_str     0x00000000000c3f3d       0xbd ./Core/Src/stm32f4xx_it.o
                                      0xc35bc (size before relaxing)
 .debug_str     0x00000000000c3ffa       0xaf ./Core/Src/system_stm32f4xx.o
                                      0xc33dc (size before relaxing)
 .debug_str     0x00000000000c40a9       0x36 ./Core/Startup/startup_stm32f446zetx.o
                                         0x6f (size before relaxing)
 .debug_str     0x00000000000c40df      0xa8f ./Drivers/STM32F4xx_HAL_Driver/Src/stm32f4xx_hal.o
                                      0xc3eff (size before relaxing)
 .debug_str     0x00000000000c4b6e      0x399 ./Drivers/STM32F4xx_HAL_Driver/Src/stm32f4xx_hal_cortex.o
                                      0xc3cc9 (size before relaxing)
 .debug_str     0x00000000000c4f07      0x15f ./Drivers/STM32F4xx_HAL_Driver/Src/stm32f4xx_hal_gpio.o
                                      0xc3583 (size before relaxing)
 .debug_str     0x00000000000c5066      0x548 ./Drivers/STM32F4xx_HAL_Driver/Src/stm32f4xx_hal_pcd.o
                                      0xc3be3 (size before relaxing)
 .debug_str     0x00000000000c55ae      0x172 ./Drivers/STM32F4xx_HAL_Driver/Src/stm32f4xx_hal_pcd_ex.o
                                      0xc37d6 (size before relaxing)
 .debug_str     0x00000000000c5720      0x259 ./Drivers/STM32F4xx_HAL_Driver/Src/stm32f4xx_hal_rcc.o
                                      0xc37e3 (size before relaxing)
 .debug_str     0x00000000000c5979      0x1b7 ./Drivers/STM32F4xx_HAL_Driver/Src/stm32f4xx_hal_rcc_ex.o
                                      0xc3840 (size before relaxing)
 .debug_str     0x00000000000c5b30      0x611 ./Drivers/STM32F4xx_HAL_Driver/Src/stm32f4xx_hal_uart.o
                                      0xc3d3f (size before relaxing)
 .debug_str     0x00000000000c6141      0x69f ./Drivers/STM32F4xx_HAL_Driver/Src/stm32f4xx_ll_usb.o
                                      0xc3d11 (size before relaxing)

.comment        0x0000000000000000       0x53
 .comment       0x0000000000000000       0x53 ./Core/Src/main.o
                                         0x54 (size before relaxing)
 .comment       0x0000000000000053       0x54 ./Core/Src/stm32f4xx_hal_msp.o
 .comment       0x0000000000000053       0x54 ./Core/Src/stm32f4xx_it.o
 .comment       0x0000000000000053       0x54 ./Core/Src/system_stm32f4xx.o
 .comment       0x0000000000000053       0x54 ./Drivers/STM32F4xx_HAL_Driver/Src/stm32f4xx_hal.o
 .comment       0x0000000000000053       0x54 ./Drivers/STM32F4xx_HAL_Driver/Src/stm32f4xx_hal_cortex.o
 .comment       0x0000000000000053       0x54 ./Drivers/STM32F4xx_HAL_Driver/Src/stm32f4xx_hal_gpio.o
 .comment       0x0000000000000053       0x54 ./Drivers/STM32F4xx_HAL_Driver/Src/stm32f4xx_hal_pcd.o
 .comment       0x0000000000000053       0x54 ./Drivers/STM32F4xx_HAL_Driver/Src/stm32f4xx_hal_pcd_ex.o
 .comment       0x0000000000000053       0x54 ./Drivers/STM32F4xx_HAL_Driver/Src/stm32f4xx_hal_rcc.o
 .comment       0x0000000000000053       0x54 ./Drivers/STM32F4xx_HAL_Driver/Src/stm32f4xx_hal_rcc_ex.o
 .comment       0x0000000000000053       0x54 ./Drivers/STM32F4xx_HAL_Driver/Src/stm32f4xx_hal_uart.o
 .comment       0x0000000000000053       0x54 ./Drivers/STM32F4xx_HAL_Driver/Src/stm32f4xx_ll_usb.o

.debug_frame    0x0000000000000000     0x2800
 .debug_frame   0x0000000000000000       0xc4 ./Core/Src/main.o
 .debug_frame   0x00000000000000c4       0xcc ./Core/Src/stm32f4xx_hal_msp.o
 .debug_frame   0x0000000000000190      0x104 ./Core/Src/stm32f4xx_it.o
 .debug_frame   0x0000000000000294       0x58 ./Core/Src/system_stm32f4xx.o
 .debug_frame   0x00000000000002ec      0x374 ./Drivers/STM32F4xx_HAL_Driver/Src/stm32f4xx_hal.o
 .debug_frame   0x0000000000000660      0x498 ./Drivers/STM32F4xx_HAL_Driver/Src/stm32f4xx_hal_cortex.o
 .debug_frame   0x0000000000000af8      0x14c ./Drivers/STM32F4xx_HAL_Driver/Src/stm32f4xx_hal_gpio.o
 .debug_frame   0x0000000000000c44      0x574 ./Drivers/STM32F4xx_HAL_Driver/Src/stm32f4xx_hal_pcd.o
 .debug_frame   0x00000000000011b8      0x100 ./Drivers/STM32F4xx_HAL_Driver/Src/stm32f4xx_hal_pcd_ex.o
 .debug_frame   0x00000000000012b8      0x1f0 ./Drivers/STM32F4xx_HAL_Driver/Src/stm32f4xx_hal_rcc.o
 .debug_frame   0x00000000000014a8      0x1e8 ./Drivers/STM32F4xx_HAL_Driver/Src/stm32f4xx_hal_rcc_ex.o
 .debug_frame   0x0000000000001690      0x92c ./Drivers/STM32F4xx_HAL_Driver/Src/stm32f4xx_hal_uart.o
 .debug_frame   0x0000000000001fbc      0x798 ./Drivers/STM32F4xx_HAL_Driver/Src/stm32f4xx_ll_usb.o
 .debug_frame   0x0000000000002754       0x2c c:/st/stm32cubeide_1.8.0/stm32cubeide/plugins/com.st.stm32cube.ide.mcu.externaltools.gnu-tools-for-stm32.9-2020-q2-update.win32_2.0.0.202105311346/tools/bin/../lib/gcc/arm-none-eabi/9.3.1/../../../../arm-none-eabi/lib/thumb/v7e-m+fp/hard\libc_nano.a(lib_a-init.o)
 .debug_frame   0x0000000000002780       0x20 c:/st/stm32cubeide_1.8.0/stm32cubeide/plugins/com.st.stm32cube.ide.mcu.externaltools.gnu-tools-for-stm32.9-2020-q2-update.win32_2.0.0.202105311346/tools/bin/../lib/gcc/arm-none-eabi/9.3.1/../../../../arm-none-eabi/lib/thumb/v7e-m+fp/hard\libc_nano.a(lib_a-memset.o)
 .debug_frame   0x00000000000027a0       0x2c c:/st/stm32cubeide_1.8.0/stm32cubeide/plugins/com.st.stm32cube.ide.mcu.externaltools.gnu-tools-for-stm32.9-2020-q2-update.win32_2.0.0.202105311346/tools/bin/../lib/gcc/arm-none-eabi/9.3.1/thumb/v7e-m+fp/hard\libgcc.a(_aeabi_uldivmod.o)
 .debug_frame   0x00000000000027cc       0x34 c:/st/stm32cubeide_1.8.0/stm32cubeide/plugins/com.st.stm32cube.ide.mcu.externaltools.gnu-tools-for-stm32.9-2020-q2-update.win32_2.0.0.202105311346/tools/bin/../lib/gcc/arm-none-eabi/9.3.1/thumb/v7e-m+fp/hard\libgcc.a(_udivmoddi4.o)
