23:26:27 **** Incremental Build of configuration Debug for project blinky ****
make -j8 all 
arm-none-eabi-gcc "../Core/Src/main.c" -mcpu=cortex-m4 -std=gnu11 -g3 -DDEBUG -DUSE_HAL_DRIVER -DSTM32F446xx -c -I../Core/Inc -I../Drivers/STM32F4xx_HAL_Driver/Inc -I../Drivers/STM32F4xx_HAL_Driver/Inc/Legacy -I../Drivers/CMSIS/Device/ST/STM32F4xx/Include -I../Drivers/CMSIS/Include -O0 -ffunction-sections -fdata-sections -Wall -fstack-usage -MMD -MP -MF"Core/Src/main.d" -MT"Core/Src/main.o" --specs=nano.specs -mfpu=fpv4-sp-d16 -mfloat-abi=hard -mthumb -o "Core/Src/main.o"
arm-none-eabi-gcc -o "blinky.elf" @"objects.list"   -mcpu=cortex-m4 -T"C:\Users\aslam\STM32CubeIDE\workspace_1.8.0\blinky\STM32F446ZETX_FLASH.ld" --specs=nosys.specs -Wl,-Map="blinky.map" -Wl,--gc-sections -static --specs=nano.specs -mfpu=fpv4-sp-d16 -mfloat-abi=hard -mthumb -Wl,--start-group -lc -lm -Wl,--end-group
Finished building target: blinky.elf
 
arm-none-eabi-size   blinky.elf 
arm-none-eabi-objdump -h -S  blinky.elf  > "blinky.list"
arm-none-eabi-objcopy  -O binary  blinky.elf  "blinky.bin"
   text	   data	    bss	    dec	    hex	filename
  12188	     20	   2676	  14884	   3a24	blinky.elf
Finished building: default.size.stdout
 
Finished building: blinky.bin
Finished building: blinky.list
 
 
